
> asp-net-for-frontend@1.0.0 docs:build
> vitepress build


  vitepress v1.6.4

- building client + server bundles...

The language 'gitignore' is not loaded, falling back to 'txt' for syntax highlighting.

The language '.gitattributes' is not loaded, falling back to 'txt' for syntax highlighting.

The language 'cshtml' is not loaded, falling back to 'txt' for syntax highlighting.

The language 'promql' is not loaded, falling back to 'txt' for syntax highlighting.

The language 'promql' is not loaded, falling back to 'txt' for syntax highlighting.

The language 'promql' is not loaded, falling back to 'txt' for syntax highlighting.

The language 'promql' is not loaded, falling back to 'txt' for syntax highlighting.

The language 'promql' is not loaded, falling back to 'txt' for syntax highlighting.

The language 'promql' is not loaded, falling back to 'txt' for syntax highlighting.

The language 'promql' is not loaded, falling back to 'txt' for syntax highlighting.
x Build failed in 11.55s
[31m✖[0m building client + server bundles...
build error:
[vite:vue] [plugin vite:vue] part2-aspnetcore-basics/chapter3/README.md (1127:21): Element is missing end tag.
file: /home/user/asp-net-for-frontend/part2-aspnetcore-basics/chapter3/README.md:1127:21
[vite:vue] [plugin vite:vue] part2-aspnetcore-basics/chapter3/README.md (1127:21): Element is missing end tag.
file: /home/user/asp-net-for-frontend/part2-aspnetcore-basics/chapter3/README.md:1127:21
SyntaxError: [plugin vite:vue] part2-aspnetcore-basics/chapter3/README.md (1127:21): Element is missing end tag.
    at createCompilerError (/home/user/asp-net-for-frontend/node_modules/.pnpm/@vue+compiler-core@3.5.24/node_modules/@vue/compiler-core/dist/compiler-core.cjs.prod.js:1360:17)
    at emitError (/home/user/asp-net-for-frontend/node_modules/.pnpm/@vue+compiler-core@3.5.24/node_modules/@vue/compiler-core/dist/compiler-core.cjs.prod.js:2957:5)
    at Object.onclosetag (/home/user/asp-net-for-frontend/node_modules/.pnpm/@vue+compiler-core@3.5.24/node_modules/@vue/compiler-core/dist/compiler-core.cjs.prod.js:2346:13)
    at Tokenizer.stateInClosingTagName (/home/user/asp-net-for-frontend/node_modules/.pnpm/@vue+compiler-core@3.5.24/node_modules/@vue/compiler-core/dist/compiler-core.cjs.prod.js:785:16)
    at Tokenizer.parse (/home/user/asp-net-for-frontend/node_modules/.pnpm/@vue+compiler-core@3.5.24/node_modules/@vue/compiler-core/dist/compiler-core.cjs.prod.js:1143:16)
    at Object.baseParse (/home/user/asp-net-for-frontend/node_modules/.pnpm/@vue+compiler-core@3.5.24/node_modules/@vue/compiler-core/dist/compiler-core.cjs.prod.js:2989:13)
    at Object.parse (/home/user/asp-net-for-frontend/node_modules/.pnpm/@vue+compiler-dom@3.5.24/node_modules/@vue/compiler-dom/dist/compiler-dom.cjs.prod.js:665:23)
    at Object.parse$1 [as parse] (/home/user/asp-net-for-frontend/node_modules/.pnpm/@vue+compiler-sfc@3.5.24/node_modules/@vue/compiler-sfc/dist/compiler-sfc.cjs.js:1801:24)
    at createDescriptor (file:///home/user/asp-net-for-frontend/node_modules/.pnpm/@vitejs+plugin-vue@5.2.4_vite@5.4.21_vue@3.5.24/node_modules/@vitejs/plugin-vue/dist/index.mjs:71:43)
    at transformMain (file:///home/user/asp-net-for-frontend/node_modules/.pnpm/@vitejs+plugin-vue@5.2.4_vite@5.4.21_vue@3.5.24/node_modules/@vitejs/plugin-vue/dist/index.mjs:2421:34)
